obj/x86_64/VisualC/gost.obj
obj/x86_64/VisualC/power.obj
obj/x86_64/VisualC/sign.obj
obj/x86_64/VisualC/data.obj
obj/x86_64/VisualC/random.obj
obj/x86_64/VisualC/gensec.obj
obj/x86_64/VisualC/masksk.obj
obj/x86_64/VisualC/Convert.obj
obj/x86_64/VisualC/Moduli.obj
obj/x86_64/VisualC/powerCu.obj
obj/x86_64/VisualC/signCu.obj
obj/x86_64/VisualC/checkCu.obj
obj/x86_64/VisualC/R34_11_1994_init.obj
obj/x86_64/VisualC/R34_11_1994_clear.obj
obj/x86_64/VisualC/R34_11_1994_update.obj
obj/x86_64/VisualC/R34_11_1994_final.obj
obj/x86_64/VisualC/R34_10_2001_set_parms.obj
obj/x86_64/VisualC/R34_10_2001_get_parms.obj
obj/x86_64/VisualC/R34_10_2001_gen_secret_key.obj
obj/x86_64/VisualC/R34_10_2001_gen_public_key.obj
obj/x86_64/VisualC/R34_10_2001_get_secret_key.obj
obj/x86_64/VisualC/R34_10_2001_get_public_key.obj
obj/x86_64/VisualC/R34_10_2001_set_secret_key.obj
obj/x86_64/VisualC/R34_10_2001_set_public_key.obj
obj/x86_64/VisualC/R34_10_2001_clear_secret_key.obj
obj/x86_64/VisualC/R34_10_2001_clear_public_key.obj
obj/x86_64/VisualC/R34_10_2001_sign.obj
obj/x86_64/VisualC/R34_10_2001_verify.obj
obj/x86_64/VisualC/R34_10_2001_clear.obj
obj/x86_64/VisualC/R34_10_2001_sizes.obj
obj/x86_64/VisualC/R34_10_2001_gen_mutual_key.obj
obj/x86_64/VisualC/Random_Fill.obj
obj/x86_64/VisualC/rdtick.obj
obj/x86_64/VisualC/hton.obj
