e:\avp32\kle\kle.dsw
e:\avp32\kle\kle engine.dsp
e:\avp32\kle\engine.mak
e:\avp32\kle\files.lst
e:\avp32\kle\readme.txt
e:\avp32\kle\kleapi.h

e:\avp32\debug\kle_app.exe
e:\avp32\debug\klh_sys.nms
e:\avp32\debug\klh_sys.sys
e:\avp32\debug\kle_sys.sys
e:\avp32\debug\klh_vxd.nms
e:\avp32\debug\klh_vxd.vxd
e:\avp32\debug\kle_vxd.vxd

e:\avp32\release\kle_app.exe
e:\avp32\release\klh_sys.sys
e:\avp32\release\kle_sys.sys
e:\avp32\release\klh_vxd.vxd
e:\avp32\release\kle_vxd.vxd

e:\avp32\kle_app\kle_app.dsp
e:\avp32\kle_app\kle_app.cpp
e:\avp32\kle_app\stdafx.h
e:\avp32\kle_app\stdafx.cpp

e:\avp32\kle_app\klh.h
e:\avp32\kle_app\function.h
e:\avp32\kle_app\klh_sys.dsp
e:\avp32\kle_app\klh_sys.cpp
e:\avp32\kle_app\klh_sys.h
e:\avp32\kle_app\klh_sys.ini
e:\avp32\kle_app\klh_sysdev.cpp
e:\avp32\kle_app\klh_sysdev.h
e:\avp32\kle_app\senddioc.h
e:\avp32\kle_app\senddioc.c

e:\avp32\kle_app\klh_vxd.dsp
e:\avp32\kle_app\klh_vxd.def
e:\avp32\kle_app\klh_vxd.cpp
e:\avp32\kle_app\klh_vxd.h
e:\avp32\kle_app\klh_vxd.rc
e:\avp32\kle_app\klh_vxd.rc2

e:\avp32\kle_sys\kle_sys.ini
